# serializer version: 1
# name: test_avro_export
  dict({
  })
# ---
# name: test_diff_markdown
  '''
  # User: 1.0.0 → 2.0.0
  
  ## Added Fields
  
  - `address: AddressV1` (required)
  - `age: Union` (optional)
  
  ## Removed Fields
  
  None
  
  ## Modified Fields
  
  None
  
  ## Breaking Changes
  
  -⚠️  New required field 'address' will fail for existing data without defaults
  
  '''
# ---
# name: test_dump_schemas
  dict({
    'Address_v1_0_0.json': '''
      {
        "properties": {
          "street": {
            "title": "Street",
            "type": "string"
          },
          "city": {
            "title": "City",
            "type": "string"
          }
        },
        "required": [
          "street",
          "city"
        ],
        "title": "_AddrV1",
        "type": "object"
      }
    ''',
    'Address_v2_0_0.json': '''
      {
        "properties": {
          "street": {
            "title": "Street",
            "type": "string"
          },
          "city": {
            "title": "City",
            "type": "string"
          },
          "country": {
            "anyOf": [
              {
                "type": "string"
              },
              {
                "type": "null"
              }
            ],
            "default": null,
            "title": "Country"
          }
        },
        "required": [
          "street",
          "city"
        ],
        "title": "_AddrV2",
        "type": "object"
      }
    ''',
    'Address_v3_0_0.json': '''
      {
        "properties": {
          "street": {
            "title": "Street",
            "type": "string"
          },
          "city": {
            "title": "City",
            "type": "string"
          },
          "country": {
            "anyOf": [
              {
                "type": "string"
              },
              {
                "type": "null"
              }
            ],
            "default": null,
            "title": "Country"
          },
          "zip_code": {
            "anyOf": [
              {
                "type": "string"
              },
              {
                "type": "null"
              }
            ],
            "default": null,
            "title": "Zip Code"
          }
        },
        "required": [
          "street",
          "city"
        ],
        "title": "_AddrV3",
        "type": "object"
      }
    ''',
    'User_v1_0_0.json': '''
      {
        "$defs": {
          "Role": {
            "enum": [
              "admin",
              "user",
              "guest"
            ],
            "title": "Role",
            "type": "string"
          }
        },
        "properties": {
          "name": {
            "title": "Name",
            "type": "string"
          },
          "email": {
            "title": "Email",
            "type": "string"
          },
          "role": {
            "$ref": "#/$defs/Role"
          }
        },
        "required": [
          "name",
          "email",
          "role"
        ],
        "title": "_UserV1",
        "type": "object"
      }
    ''',
    'User_v2_0_0.json': '''
      {
        "$defs": {
          "AddressV1": {
            "properties": {
              "street": {
                "title": "Street",
                "type": "string"
              },
              "city": {
                "title": "City",
                "type": "string"
              }
            },
            "required": [
              "street",
              "city"
            ],
            "title": "AddressV1",
            "type": "object"
          },
          "Role": {
            "enum": [
              "admin",
              "user",
              "guest"
            ],
            "title": "Role",
            "type": "string"
          }
        },
        "properties": {
          "name": {
            "title": "Name",
            "type": "string"
          },
          "email": {
            "title": "Email",
            "type": "string"
          },
          "age": {
            "anyOf": [
              {
                "type": "integer"
              },
              {
                "type": "null"
              }
            ],
            "default": null,
            "title": "Age"
          },
          "role": {
            "$ref": "#/$defs/Role"
          },
          "address": {
            "$ref": "#/$defs/AddressV1"
          }
        },
        "required": [
          "name",
          "email",
          "role",
          "address"
        ],
        "title": "_UserV2",
        "type": "object"
      }
    ''',
    'User_v3_0_0.json': '''
      {
        "$defs": {
          "AddressV3": {
            "description": "Address with zip code.",
            "properties": {
              "street": {
                "title": "Street",
                "type": "string"
              },
              "city": {
                "title": "City",
                "type": "string"
              },
              "country": {
                "anyOf": [
                  {
                    "type": "string"
                  },
                  {
                    "type": "null"
                  }
                ],
                "default": null,
                "title": "Country"
              },
              "zip_code": {
                "anyOf": [
                  {
                    "type": "string"
                  },
                  {
                    "type": "null"
                  }
                ],
                "default": null,
                "title": "Zip Code"
              }
            },
            "required": [
              "street",
              "city"
            ],
            "title": "AddressV3",
            "type": "object"
          },
          "Role": {
            "enum": [
              "admin",
              "user",
              "guest"
            ],
            "title": "Role",
            "type": "string"
          }
        },
        "properties": {
          "name": {
            "title": "Name",
            "type": "string"
          },
          "email": {
            "title": "Email",
            "type": "string"
          },
          "age": {
            "default": 0,
            "minimum": 0,
            "title": "Age",
            "type": "integer"
          },
          "role": {
            "$ref": "#/$defs/Role"
          },
          "status": {
            "default": "active",
            "enum": [
              "active",
              "inactive"
            ],
            "title": "Status",
            "type": "string"
          },
          "address": {
            "$ref": "#/$defs/AddressV3"
          }
        },
        "required": [
          "name",
          "email",
          "role",
          "address"
        ],
        "title": "_UserV3",
        "type": "object"
      }
    ''',
  })
# ---
# name: test_proto_export
  dict({
    'Address_v1_0_0.proto': '''
      syntax = "proto3";
      
      package com.example;
      
      message Address {
        string street = 1;
        string city = 2;
      }
    ''',
    'Address_v2_0_0.proto': '''
      syntax = "proto3";
      
      package com.example;
      
      message Address {
        string street = 1;
        string city = 2;
        optional string country = 3;
      }
    ''',
    'Address_v3_0_0.proto': '''
      syntax = "proto3";
      
      package com.example;
      
      message Address {
        string street = 1;
        string city = 2;
        optional string country = 3;
        optional string zip_code = 4;
      }
    ''',
    'User_v1_0_0.proto': '''
      syntax = "proto3";
      
      package com.example;
      
      enum Role {
        ADMIN = 0;
        USER = 1;
        GUEST = 2;
      }
      
      message User {
        string name = 1;
        string email = 2;
        Role role = 3;
      }
    ''',
    'User_v2_0_0.proto': '''
      syntax = "proto3";
      
      package com.example;
      
      enum Role {
        ADMIN = 0;
        USER = 1;
        GUEST = 2;
      }
      
      message AddressV1 {
        string street = 1;
        string city = 2;
      }
      message User {
        string name = 1;
        string email = 2;
        optional int32 age = 3;
        Role role = 4;
        AddressV1 address = 5;
      }
    ''',
    'User_v3_0_0.proto': '''
      syntax = "proto3";
      
      package com.example;
      
      enum Role {
        ADMIN = 0;
        USER = 1;
        GUEST = 2;
      }
      
      // Address with zip code.
      message AddressV3 {
        string street = 1;
        string city = 2;
        optional string country = 3;
        optional string zip_code = 4;
      }
      message User {
        string name = 1;
        string email = 2;
        optional uint64 age = 3;
        Role role = 4;
        optional string status = 5;
        AddressV3 address = 6;
      }
    ''',
  })
# ---
# name: test_typescript_export
  dict({
    'Address.v1.0.0.ts': '''
      export interface Address {
        street: string;
        city: string;
      }
    ''',
    'Address.v2.0.0.ts': '''
      export interface Address {
        street: string;
        city: string;
        country?: string;
      }
    ''',
    'Address.v3.0.0.ts': '''
      export interface Address {
        street: string;
        city: string;
        country?: string;
        zip_code?: string;
      }
    ''',
    'User.v1.0.0.ts': '''
      export interface User {
        name: string;
        email: string;
        role: 'admin' | 'user' | 'guest';
      }
    ''',
    'User.v2.0.0.ts': '''
      export interface AddressV1 {
        street: string;
        city: string;
      }
      
      
      
      export interface User {
        name: string;
        email: string;
        age?: number;
        role: 'admin' | 'user' | 'guest';
        address: AddressV1;
      }
    ''',
    'User.v3.0.0.ts': '''
      /**
       * Address with zip code.
       */
      export interface AddressV3 {
        street: string;
        city: string;
        country?: string;
        zip_code?: string;
      }
      
      
      
      export interface User {
        name: string;
        email: string;
        age?: number;
        role: 'admin' | 'user' | 'guest';
        status: 'active' | 'inactive';
        address: AddressV3;
      }
    ''',
  })
# ---
