# serializer version: 1
# name: test_diff_markdown
  '''
  # User: 1.0.0 → 2.0.0
  
  ## Added Fields
  
  - `address: AddressV1` (required)
  - `age: Union` (optional)
  
  ## Removed Fields
  
  None
  
  ## Modified Fields
  
  None
  
  ## Breaking Changes
  
  -⚠️  New required field 'address' will fail for existing data without defaults
  
  '''
# ---
# name: test_dump_schemas
  dict({
    'Address_v1_0_0.json': '''
      {
        "properties": {
          "street": {
            "title": "Street",
            "type": "string"
          },
          "city": {
            "title": "City",
            "type": "string"
          }
        },
        "required": [
          "street",
          "city"
        ],
        "title": "_AddrV1",
        "type": "object"
      }
    ''',
    'Address_v2_0_0.json': '''
      {
        "properties": {
          "street": {
            "title": "Street",
            "type": "string"
          },
          "city": {
            "title": "City",
            "type": "string"
          },
          "country": {
            "anyOf": [
              {
                "type": "string"
              },
              {
                "type": "null"
              }
            ],
            "default": null,
            "title": "Country"
          }
        },
        "required": [
          "street",
          "city"
        ],
        "title": "_AddrV2",
        "type": "object"
      }
    ''',
    'Address_v3_0_0.json': '''
      {
        "properties": {
          "street": {
            "title": "Street",
            "type": "string"
          },
          "city": {
            "title": "City",
            "type": "string"
          },
          "country": {
            "anyOf": [
              {
                "type": "string"
              },
              {
                "type": "null"
              }
            ],
            "default": null,
            "title": "Country"
          },
          "zip_code": {
            "anyOf": [
              {
                "type": "string"
              },
              {
                "type": "null"
              }
            ],
            "default": null,
            "title": "Zip Code"
          }
        },
        "required": [
          "street",
          "city"
        ],
        "title": "_AddrV3",
        "type": "object"
      }
    ''',
    'User_v1_0_0.json': '''
      {
        "$defs": {
          "Role": {
            "enum": [
              "admin",
              "user",
              "guest"
            ],
            "title": "Role",
            "type": "string"
          }
        },
        "properties": {
          "name": {
            "title": "Name",
            "type": "string"
          },
          "email": {
            "title": "Email",
            "type": "string"
          },
          "role": {
            "$ref": "#/$defs/Role"
          }
        },
        "required": [
          "name",
          "email",
          "role"
        ],
        "title": "_UserV1",
        "type": "object"
      }
    ''',
    'User_v2_0_0.json': '''
      {
        "$defs": {
          "AddressV1": {
            "properties": {
              "street": {
                "title": "Street",
                "type": "string"
              },
              "city": {
                "title": "City",
                "type": "string"
              }
            },
            "required": [
              "street",
              "city"
            ],
            "title": "AddressV1",
            "type": "object"
          },
          "Role": {
            "enum": [
              "admin",
              "user",
              "guest"
            ],
            "title": "Role",
            "type": "string"
          }
        },
        "properties": {
          "name": {
            "title": "Name",
            "type": "string"
          },
          "email": {
            "title": "Email",
            "type": "string"
          },
          "age": {
            "anyOf": [
              {
                "type": "integer"
              },
              {
                "type": "null"
              }
            ],
            "default": null,
            "title": "Age"
          },
          "role": {
            "$ref": "#/$defs/Role"
          },
          "address": {
            "$ref": "#/$defs/AddressV1"
          }
        },
        "required": [
          "name",
          "email",
          "role",
          "address"
        ],
        "title": "_UserV2",
        "type": "object"
      }
    ''',
    'User_v3_0_0.json': '''
      {
        "$defs": {
          "AddressV3": {
            "description": "Address with zip code.",
            "properties": {
              "street": {
                "title": "Street",
                "type": "string"
              },
              "city": {
                "title": "City",
                "type": "string"
              },
              "country": {
                "anyOf": [
                  {
                    "type": "string"
                  },
                  {
                    "type": "null"
                  }
                ],
                "default": null,
                "title": "Country"
              },
              "zip_code": {
                "anyOf": [
                  {
                    "type": "string"
                  },
                  {
                    "type": "null"
                  }
                ],
                "default": null,
                "title": "Zip Code"
              }
            },
            "required": [
              "street",
              "city"
            ],
            "title": "AddressV3",
            "type": "object"
          },
          "Role": {
            "enum": [
              "admin",
              "user",
              "guest"
            ],
            "title": "Role",
            "type": "string"
          }
        },
        "properties": {
          "name": {
            "title": "Name",
            "type": "string"
          },
          "email": {
            "title": "Email",
            "type": "string"
          },
          "age": {
            "default": 0,
            "minimum": 0,
            "title": "Age",
            "type": "integer"
          },
          "role": {
            "$ref": "#/$defs/Role"
          },
          "status": {
            "default": "active",
            "enum": [
              "active",
              "inactive"
            ],
            "title": "Status",
            "type": "string"
          },
          "address": {
            "$ref": "#/$defs/AddressV3"
          }
        },
        "required": [
          "name",
          "email",
          "role",
          "address"
        ],
        "title": "_UserV3",
        "type": "object"
      }
    ''',
  })
# ---
